[sebalts.com/emptypage2/index.html]
[backblue.gif]
[fade.gif]
[index.html]
[sebalts.com/bitrix/js/main/core/css/core.minc3c9.css]
[sebalts.com/bitrix/js/intranet/intranet-common.min7904.css]
[sebalts.com/bitrix/components/bitrix/landing.pub/templates/.default/style.min10bc.css]
[sebalts.com/bitrix/templates/landing24/assets/vendor/vendors_base.min83e3.css]
[sebalts.com/bitrix/templates/landing24/assets/vendor/icon-awesome/css/font-awesome.minb329.css]
[sebalts.com/bitrix/templates/landing24/assets/vendor/icon-line/css/simple-line-icons.minb9ce.css]
[sebalts.com/bitrix/templates/landing24/assets/vendor/icon-line-pro/style.min525f.css]
[sebalts.com/bitrix/templates/landing24/assets/vendor/icon-hs/style.min2154.css]
[sebalts.com/bitrix/templates/landing24/assets/vendor/icon-etlinefont/style.minabfc.css]
[sebalts.com/bitrix/templates/landing24/themes/themes_core.minb602.css]
[sebalts.com/bitrix/templates/landing24/assets/css/custom.min3901.css]
[sebalts.com/bitrix/templates/landing24/assets/css/themes_custom.min6d37.css]
[sebalts.com/bitrix/templates/landing24/themes/app/app.mind58b.css]
[sebalts.com/bitrix/templates/landing24/themes/app/app_custom.min11c2.css]
[sebalts.com/bitrix/templates/landing24/themes-typo/app/app-typo9057.css]
[sebalts.com/bitrix/templates/landing24/template_styles.minea46.css]
[dcnt5qvi2hv76.cloudfront.net/b7325755/resize_cache/129/047e4a127947eff3c7d861cc2f113186/landing/73b/73b6ac29ab782e3efb97a669a6f41abc/logocdd6.png]
[dcnt5qvi2hv76.cloudfront.net/b7325755/resize_cache/129/45fd33a620da2e44653e6a92c96d9446/landing/73b/73b6ac29ab782e3efb97a669a6f41abc/logocdd6.png]
[dcnt5qvi2hv76.cloudfront.net/b7325755/resize_cache/129/c8042d925d6656dd077f15192d13bb8f/landing/73b/73b6ac29ab782e3efb97a669a6f41abc/logocdd6.png]
[dcnt5qvi2hv76.cloudfront.net/b7325755/resize_cache/129/eb45a9f96698d396483d7a1236fe0380/landing/73b/73b6ac29ab782e3efb97a669a6f41abc/logocdd6.png]
[dcnt5qvi2hv76.cloudfront.net/b7325755/resize_cache/129/a03d95df41ccb7c2ab8a9e9ebcd4cf8a/landing/73b/73b6ac29ab782e3efb97a669a6f41abc/logocdd6.png]
[dcnt5qvi2hv76.cloudfront.net/b7325755/resize_cache/129/8245e211b4cc1aeef31861f9c55143e5/landing/73b/73b6ac29ab782e3efb97a669a6f41abc/logocdd6.png]
[dcnt5qvi2hv76.cloudfront.net/b7325755/resize_cache/129/26c9f99963f016735739c7de412de1e1/landing/73b/73b6ac29ab782e3efb97a669a6f41abc/logocdd6.png]
[cdn.bitrix24.com/b7325755/landing/807/8072b388717bebcc85f38fc4f39ea29e/unnamed.png]
[services.tegrazone.com/sites/default/files/article-feature-images/geforce-now_0.jpg]
[cdn.bitrix24.com/b7325755/landing/34d/34d48cb81751f6544b80507cf2cf7167/geforce_now.jpg]
[sebalts.com/bitrix/js/main/core/core.min9a2e.js]
[sebalts.com/bitrix/js/main/core/core_promise.minff82.js]
[sebalts.com/bitrix/js/main/polyfill/promise/js/promise.min41f9.js]
[sebalts.com/bitrix/js/main/loadext/loadext.min87eb.js]
[sebalts.com/bitrix/js/main/loadext/extension.mind0c3.js]
[sebalts.com/bitrix/js/main/core/core_db.min0ea9.js]
[sebalts.com/bitrix/js/main/core/core_ajax.min87ea.js]
[sebalts.com/bitrix/js/main/json/json2.min1384.js]
[sebalts.com/bitrix/js/main/core/core_ls.minfe17.js]
[sebalts.com/bitrix/js/main/core/core_fx.minc224.js]
[sebalts.com/bitrix/js/main/core/core_frame_cache.min0e69.js]
[sebalts.com/bitrix/js/landing/utils8627.js]
[sebalts.com/bitrix/js/landing/event-tracker/event-tracker.min3623.js]
[sebalts.com/bitrix/js/landing/event-tracker/services/base-service.min9a5a.js]
[sebalts.com/bitrix/js/landing/event-tracker/services/google-analytics-service.min17cb.js]
[sebalts.com/bitrix/js/landing/mediaplayer/base_mediaplayer.min7b67.js]
[sebalts.com/bitrix/js/landing/mediaplayer/youtube_mediaplayer.min51be.js]
[sebalts.com/bitrix/js/landing/mediaplayer/mediaplayer_factory.minc4dc.js]
[sebalts.com/bitrix/js/landing/polyfill.minc352.js]
[sebalts.com/bitrix/js/landing/ui/tool/auto-font-scale.min2637.js]
[sebalts.com/bitrix/js/landing/ui/tool/auto-font-scale-entry.min42d7.js]
[sebalts.com/bitrix/js/landing/events/block_event.min002b.js]
[sebalts.com/bitrix/js/landing/public.min1708.js]
[sebalts.com/bitrix/templates/landing24/assets/js/helpers/onscroll-animation_init.min5f71.js]
[sebalts.com/bitrix/templates/landing24/assets/vendor/vendors_base.minde47.js]
[sebalts.com/bitrix/templates/landing24/assets/js/helpers/go_to_init.min93d6.js]
[sebalts.com/bitrix/templates/landing24/assets/js/helpers/popup_init.minfa06.js]
[sebalts.com/bitrix/templates/landing24/assets/js/helpers/hamburgers_init.min6f09.js]
[sebalts.com/emptypage2/index.html]
[sebalts.com/bitrix/templates/landing24/assets/js/helpers/header_menu_init.min7939.js]
[sebalts.com/bitrix/js/main/core/images/panel/top-panel-sprite-2.png]
[sebalts.com/bitrix/js/main/core/css/core.minc3c9.css]
[sebalts.com/bitrix/js/main/core/images/controls-spritec4ca.png]
[sebalts.com/bitrix/js/main/core/images/popup/upload-waiting.gif]
[sebalts.com/bitrix/js/main/core/images/controls-spritec81e.png]
[sebalts.com/bitrix/images/intranet/intranet-mail-popup-arrows.png]
[sebalts.com/bitrix/js/intranet/intranet-common.min7904.css]
[sebalts.com/bitrix/components/bitrix/landing.pub/templates/.default/style.min10bc.css]
[sebalts.com/bitrix/templates/landing24/assets/vendor/vendors_base.min83e3.css]
[sebalts.com/bitrix/templates/landing24/assets/vendor/icon-awesome/css/font-awesome.minb329.css]
[sebalts.com/bitrix/templates/landing24/assets/vendor/icon-line/css/simple-line-icons.minb9ce.css]
[sebalts.com/bitrix/templates/landing24/assets/vendor/icon-line-pro/christmas/webfont/fonts/cristmas.eot]
[sebalts.com/bitrix/templates/landing24/assets/vendor/icon-line-pro/christmas/webfont/fonts/cristmasd41d.eot]
[sebalts.com/bitrix/templates/landing24/assets/vendor/icon-line-pro/christmas/webfont/fonts/cristmas.woff]
[sebalts.com/bitrix/templates/landing24/assets/vendor/icon-line-pro/christmas/webfont/fonts/cristmas.ttf]
[sebalts.com/bitrix/templates/landing24/assets/vendor/icon-line-pro/christmas/webfont/fonts/cristmas.svg]
[sebalts.com/bitrix/templates/landing24/assets/vendor/icon-line-pro/clothes/webfont/fonts/clothes.eot]
[sebalts.com/bitrix/templates/landing24/assets/vendor/icon-line-pro/clothes/webfont/fonts/clothesd41d.eot]
[sebalts.com/bitrix/templates/landing24/assets/vendor/icon-line-pro/clothes/webfont/fonts/clothes.woff]
[sebalts.com/bitrix/templates/landing24/assets/vendor/icon-line-pro/clothes/webfont/fonts/clothes.ttf]
[sebalts.com/bitrix/templates/landing24/assets/vendor/icon-line-pro/communication/webfont/fonts/communication-48-x-48.eot]
[sebalts.com/bitrix/templates/landing24/assets/vendor/icon-line-pro/clothes/webfont/fonts/clothes.svg]
[sebalts.com/bitrix/templates/landing24/assets/vendor/icon-line-pro/communication/webfont/fonts/communication-48-x-48d41d.eot]
[sebalts.com/bitrix/templates/landing24/assets/vendor/icon-line-pro/communication/webfont/fonts/communication-48-x-48.woff]
[sebalts.com/bitrix/templates/landing24/assets/vendor/icon-line-pro/communication/webfont/fonts/communication-48-x-48.ttf]
[sebalts.com/bitrix/templates/landing24/assets/vendor/icon-line-pro/education/webfont/fonts/education-48.eot]
[sebalts.com/bitrix/templates/landing24/assets/vendor/icon-line-pro/communication/webfont/fonts/communication-48-x-48.svg]
[sebalts.com/bitrix/templates/landing24/assets/vendor/icon-line-pro/education/webfont/fonts/education-48d41d.eot]
[sebalts.com/bitrix/templates/landing24/assets/vendor/icon-line-pro/education/webfont/fonts/education-48.woff]
[sebalts.com/bitrix/templates/landing24/assets/vendor/icon-line-pro/education/webfont/fonts/education-48.ttf]
[sebalts.com/bitrix/templates/landing24/assets/vendor/icon-line-pro/education/webfont/fonts/education-48.svg]
[sebalts.com/bitrix/templates/landing24/assets/vendor/icon-line-pro/electronics/webfont/fonts/electronics.eot]
[sebalts.com/bitrix/templates/landing24/assets/vendor/icon-line-pro/electronics/webfont/fonts/electronicsd41d.eot]
[sebalts.com/bitrix/templates/landing24/assets/vendor/icon-line-pro/electronics/webfont/fonts/electronics.woff]
[sebalts.com/bitrix/templates/landing24/assets/vendor/icon-line-pro/electronics/webfont/fonts/electronics.ttf]
[sebalts.com/bitrix/templates/landing24/assets/vendor/icon-line-pro/electronics/webfont/fonts/electronics.svg]
[sebalts.com/bitrix/templates/landing24/assets/vendor/icon-line-pro/finance/webfont/fonts/finance.eot]
[sebalts.com/bitrix/templates/landing24/assets/vendor/icon-line-pro/finance/webfont/fonts/financed41d.eot]
[sebalts.com/bitrix/templates/landing24/assets/vendor/icon-line-pro/finance/webfont/fonts/finance.woff]
[sebalts.com/bitrix/templates/landing24/assets/vendor/icon-line-pro/finance/webfont/fonts/finance.ttf]
[sebalts.com/bitrix/templates/landing24/assets/vendor/icon-line-pro/food/webfont/fonts/food-48.eot]
[sebalts.com/bitrix/templates/landing24/assets/vendor/icon-line-pro/finance/webfont/fonts/finance.svg]
[sebalts.com/bitrix/templates/landing24/assets/vendor/icon-line-pro/food/webfont/fonts/food-48d41d.eot]
[sebalts.com/bitrix/templates/landing24/assets/vendor/icon-line-pro/food/webfont/fonts/food-48.woff]
[sebalts.com/bitrix/templates/landing24/assets/vendor/icon-line-pro/food/webfont/fonts/food-48.ttf]
[sebalts.com/bitrix/templates/landing24/assets/vendor/icon-line-pro/furniture/webfont/fonts/furniture.eot]
[sebalts.com/bitrix/templates/landing24/assets/vendor/icon-line-pro/food/webfont/fonts/food-48.svg]
[sebalts.com/bitrix/templates/landing24/assets/vendor/icon-line-pro/furniture/webfont/fonts/furnitured41d.eot]
[sebalts.com/bitrix/templates/landing24/assets/vendor/icon-line-pro/furniture/webfont/fonts/furniture.woff]
[sebalts.com/bitrix/templates/landing24/assets/vendor/icon-line-pro/furniture/webfont/fonts/furniture.ttf]
[sebalts.com/bitrix/templates/landing24/assets/vendor/icon-line-pro/furniture/webfont/fonts/furniture.svg]
[sebalts.com/bitrix/templates/landing24/assets/vendor/icon-line-pro/hotel-restaurant/webfont/fonts/hotel-restaurant.eot]
[sebalts.com/bitrix/templates/landing24/assets/vendor/icon-line-pro/hotel-restaurant/webfont/fonts/hotel-restaurantd41d.eot]
[sebalts.com/bitrix/templates/landing24/assets/vendor/icon-line-pro/hotel-restaurant/webfont/fonts/hotel-restaurant.woff]
[sebalts.com/bitrix/templates/landing24/assets/vendor/icon-line-pro/hotel-restaurant/webfont/fonts/hotel-restaurant.ttf]
[sebalts.com/bitrix/templates/landing24/assets/vendor/icon-line-pro/hotel-restaurant/webfont/fonts/hotel-restaurant.svg]
[sebalts.com/bitrix/templates/landing24/assets/vendor/icon-line-pro/media/webfont/fonts/media.eot]
[sebalts.com/bitrix/templates/landing24/assets/vendor/icon-line-pro/media/webfont/fonts/mediad41d.eot]
[sebalts.com/bitrix/templates/landing24/assets/vendor/icon-line-pro/media/webfont/fonts/media.woff]
[sebalts.com/bitrix/templates/landing24/assets/vendor/icon-line-pro/media/webfont/fonts/media.ttf]
[sebalts.com/bitrix/templates/landing24/assets/vendor/icon-line-pro/media/webfont/fonts/media.svg]
[sebalts.com/bitrix/templates/landing24/assets/vendor/icon-line-pro/medical/webfont/fonts/medical-and-health.eot]
[sebalts.com/bitrix/templates/landing24/assets/vendor/icon-line-pro/medical/webfont/fonts/medical-and-healthd41d.eot]
[sebalts.com/bitrix/templates/landing24/assets/vendor/icon-line-pro/medical/webfont/fonts/medical-and-health.woff]
[sebalts.com/bitrix/templates/landing24/assets/vendor/icon-line-pro/medical/webfont/fonts/medical-and-health.ttf]
[sebalts.com/bitrix/templates/landing24/assets/vendor/icon-line-pro/medical/webfont/fonts/medical-and-health.svg]
[sebalts.com/bitrix/templates/landing24/assets/vendor/icon-line-pro/music/webfont/fonts/music.eot]
[sebalts.com/bitrix/templates/landing24/assets/vendor/icon-line-pro/music/webfont/fonts/musicd41d.eot]
[sebalts.com/bitrix/templates/landing24/assets/vendor/icon-line-pro/music/webfont/fonts/music.woff]
[sebalts.com/bitrix/templates/landing24/assets/vendor/icon-line-pro/music/webfont/fonts/music.ttf]
[sebalts.com/bitrix/templates/landing24/assets/vendor/icon-line-pro/music/webfont/fonts/music.svg]
[sebalts.com/bitrix/templates/landing24/assets/vendor/icon-line-pro/real-estate/webfont/fonts/real-estate.eot]
[sebalts.com/bitrix/templates/landing24/assets/vendor/icon-line-pro/real-estate/webfont/fonts/real-estated41d.eot]
[sebalts.com/bitrix/templates/landing24/assets/vendor/icon-line-pro/real-estate/webfont/fonts/real-estate.woff]
[sebalts.com/bitrix/templates/landing24/assets/vendor/icon-line-pro/real-estate/webfont/fonts/real-estate.ttf]
[sebalts.com/bitrix/templates/landing24/assets/vendor/icon-line-pro/real-estate/webfont/fonts/real-estate.svg]
[sebalts.com/bitrix/templates/landing24/assets/vendor/icon-line-pro/science/webfont/fonts/science.eot]
[sebalts.com/bitrix/templates/landing24/assets/vendor/icon-line-pro/science/webfont/fonts/scienced41d.eot]
[sebalts.com/bitrix/templates/landing24/assets/vendor/icon-line-pro/science/webfont/fonts/science.woff]
[sebalts.com/bitrix/templates/landing24/assets/vendor/icon-line-pro/science/webfont/fonts/science.ttf]
[sebalts.com/bitrix/templates/landing24/assets/vendor/icon-line-pro/science/webfont/fonts/science.svg]
[sebalts.com/bitrix/templates/landing24/assets/vendor/icon-line-pro/sports/webfont/fonts/sports-48-x-48.eot]
[sebalts.com/bitrix/templates/landing24/assets/vendor/icon-line-pro/sports/webfont/fonts/sports-48-x-48d41d.eot]
[sebalts.com/bitrix/templates/landing24/assets/vendor/icon-line-pro/sports/webfont/fonts/sports-48-x-48.woff]
[sebalts.com/bitrix/templates/landing24/assets/vendor/icon-line-pro/sports/webfont/fonts/sports-48-x-48.ttf]
[sebalts.com/bitrix/templates/landing24/assets/vendor/icon-line-pro/travel/webfont/fonts/travel.eot]
[sebalts.com/bitrix/templates/landing24/assets/vendor/icon-line-pro/sports/webfont/fonts/sports-48-x-48.svg]
[sebalts.com/bitrix/templates/landing24/assets/vendor/icon-line-pro/travel/webfont/fonts/traveld41d.eot]
[sebalts.com/bitrix/templates/landing24/assets/vendor/icon-line-pro/travel/webfont/fonts/travel.woff]
[sebalts.com/bitrix/templates/landing24/assets/vendor/icon-line-pro/travel/webfont/fonts/travel.ttf]
[sebalts.com/bitrix/templates/landing24/assets/vendor/icon-line-pro/weather/webfont/fonts/weather.eot]
[sebalts.com/bitrix/templates/landing24/assets/vendor/icon-line-pro/travel/webfont/fonts/travel.svg]
[sebalts.com/bitrix/templates/landing24/assets/vendor/icon-line-pro/weather/webfont/fonts/weatherd41d.eot]
[sebalts.com/bitrix/templates/landing24/assets/vendor/icon-line-pro/weather/webfont/fonts/weather.woff]
[sebalts.com/bitrix/templates/landing24/assets/vendor/icon-line-pro/weather/webfont/fonts/weather.ttf]
[sebalts.com/bitrix/templates/landing24/assets/vendor/icon-line-pro/weather/webfont/fonts/weather.svg]
[sebalts.com/bitrix/templates/landing24/assets/vendor/icon-line-pro/transport/webfont/fonts/transport.eot]
[sebalts.com/bitrix/templates/landing24/assets/vendor/icon-line-pro/transport/webfont/fonts/transportd41d.eot]
[sebalts.com/bitrix/templates/landing24/assets/vendor/icon-line-pro/transport/webfont/fonts/transport.woff]
[sebalts.com/bitrix/templates/landing24/assets/vendor/icon-line-pro/transport/webfont/fonts/transport.ttf]
[sebalts.com/bitrix/templates/landing24/assets/vendor/icon-line-pro/style.min525f.css]
[sebalts.com/bitrix/templates/landing24/assets/vendor/icon-line-pro/transport/webfont/fonts/transport.svg]
[sebalts.com/bitrix/templates/landing24/assets/vendor/icon-hs/fonts/hs-icons8cb0.ttf]
[sebalts.com/bitrix/templates/landing24/assets/vendor/icon-hs/fonts/hs-icons8cb0.woff]
[sebalts.com/bitrix/templates/landing24/assets/vendor/icon-hs/style.min2154.css]
[sebalts.com/bitrix/templates/landing24/assets/vendor/icon-hs/fonts/hs-icons8cb0.svg]
[sebalts.com/bitrix/templates/landing24/assets/vendor/icon-etlinefont/fonts/et-line.eot]
[sebalts.com/bitrix/templates/landing24/assets/vendor/icon-etlinefont/fonts/et-lined41d.eot]
[sebalts.com/bitrix/templates/landing24/assets/vendor/icon-etlinefont/fonts/et-line.woff]
[sebalts.com/bitrix/templates/landing24/assets/vendor/icon-etlinefont/fonts/et-line.ttf]
[sebalts.com/bitrix/templates/landing24/assets/vendor/icon-etlinefont/style.minabfc.css]
[sebalts.com/bitrix/templates/landing24/assets/vendor/icon-etlinefont/fonts/et-line.svg]
[sebalts.com/bitrix/templates/landing24/img/bg/grid/wave.png]
[sebalts.com/bitrix/templates/landing24/img/bg/grid/tile-left.png]
[sebalts.com/bitrix/templates/landing24/img/bg/grid/tile-right.png]
[sebalts.com/bitrix/templates/landing24/img/bg/grid/diagonal-left.png]
[sebalts.com/bitrix/templates/landing24/img/bg/grid/diagonal-right.png]
[sebalts.com/bitrix/templates/landing24/img/bg/grid/zigzag-left.png]
[sebalts.com/bitrix/templates/landing24/img/bg/grid/zigzag-right.png]
[sebalts.com/bitrix/templates/landing24/img/bg/pattern--green.png]
[sebalts.com/bitrix/templates/landing24/themes/themes_core.minb602.css]
[sebalts.com/bitrix/templates/landing24/assets/css/custom.min3901.css]
[sebalts.com/bitrix/images/landing/patterns/pattern1.png]
[sebalts.com/bitrix/images/landing/patterns/pattern2.png]
[sebalts.com/bitrix/images/landing/patterns/pattern3.png]
[sebalts.com/bitrix/images/landing/left_snow.png]
[sebalts.com/bitrix/images/landing/right_snow.png]
[sebalts.com/bitrix/templates/landing24/assets/css/themes_custom.min6d37.css]
[sebalts.com/bitrix/templates/landing24/themes/img/bg/marker/marker-bg-primary.png]
[sebalts.com/bitrix/templates/landing24/themes/img/bg/marker/marker-bg-green.png]
[sebalts.com/bitrix/templates/landing24/themes/img/bg/marker/marker-bg-black.png]
[sebalts.com/bitrix/templates/landing24/themes/img/bg/marker/marker-bg-white.png]
[sebalts.com/bitrix/templates/landing24/themes/img/bg/marker/marker-bg-red.png]
[sebalts.com/bitrix/templates/landing24/themes/img/bg/marker/marker-bg-yellow.png]
[sebalts.com/bitrix/templates/landing24/themes/app/app.mind58b.css]
[sebalts.com/bitrix/templates/landing24/themes/app/app_custom.min11c2.css]
[sebalts.com/bitrix/templates/landing24/themes-typo/app/app-typo9057.css]
[sebalts.com/bitrix/templates/landing24/template_styles.minea46.css]
[sebalts.com/bitrix/js/main/core/core.min9a2e.js]
[sebalts.com/bitrix/js/main/core/core_promise.minff82.js]
[sebalts.com/bitrix/js/main/polyfill/promise/js/promise.min41f9.js]
[sebalts.com/bitrix/js/main/loadext/loadext.min87eb.js]
[sebalts.com/bitrix/js/main/loadext/extension.mind0c3.js]
[sebalts.com/bitrix/js/main/core/core_db.min0ea9.js]
[sebalts.com/bitrix/js/main/core/core_ajax.min87ea.js]
[sebalts.com/bitrix/js/main/json/json2.min1384.js]
[sebalts.com/bitrix/js/main/core/core_ls.minfe17.js]
[sebalts.com/bitrix/js/main/core/core_fx.minc224.js]
[sebalts.com/bitrix/js/main/core/core_frame_cache.min0e69.js]
[sebalts.com/bitrix/js/landing/utils8627.js]
[sebalts.com/bitrix/js/landing/event-tracker/event-tracker.min3623.js]
[sebalts.com/bitrix/js/landing/event-tracker/services/base-service.min9a5a.js]
[sebalts.com/bitrix/js/landing/event-tracker/services/google-analytics-service.min17cb.js]
[sebalts.com/bitrix/js/landing/mediaplayer/base_mediaplayer.min7b67.js]
[sebalts.com/bitrix/js/landing/mediaplayer/youtube_mediaplayer.min51be.js]
[sebalts.com/emptypage2/(instagr/index.html]
[sebalts.com/bitrix/js/landing/mediaplayer/mediaplayer_factory.minc4dc.js]
[sebalts.com/bitrix/js/landing/polyfill.minc352.js]
[sebalts.com/bitrix/js/landing/ui/tool/auto-font-scale.min2637.js]
[sebalts.com/bitrix/js/landing/ui/tool/auto-font-scale-entry.min42d7.js]
[sebalts.com/bitrix/js/landing/events/block_event.min002b.js]
[sebalts.com/bitrix/js/landing/public.min1708.js]
[sebalts.com/emptypage2/popper.js]
[sebalts.com/emptypage2/^https_/index.html]
[sebalts.com/emptypage2/^/index.html]
[sebalts.com/emptypage2/^http_/index.html]
[sebalts.com/bitrix/templates/landing24/assets/vendor/vendors_base.minde47.js]
[sebalts.com/bitrix/templates/landing24/assets/js/helpers/onscroll-animation_init.min5f71.js]
[sebalts.com/bitrix/templates/landing24/assets/js/helpers/go_to_init.min93d6.js]
[sebalts.com/bitrix/templates/landing24/assets/js/helpers/popup_init.minfa06.js]
[sebalts.com/bitrix/templates/landing24/assets/js/helpers/hamburgers_init.min6f09.js]
[sebalts.com/bitrix/templates/landing24/assets/js/helpers/header_menu_init.min7939.js]
[sebalts.com/bitrix/templates/landing24/assets/vendor/icon-line-pro/christmas/webfont/fonts/cristmas.svg]
[sebalts.com/bitrix/templates/landing24/assets/vendor/icon-line-pro/clothes/webfont/fonts/clothes.svg]
[sebalts.com/bitrix/templates/landing24/assets/vendor/icon-line-pro/communication/webfont/fonts/communication-48-x-48.svg]
[sebalts.com/bitrix/templates/landing24/assets/vendor/icon-line-pro/education/webfont/fonts/education-48.svg]
[sebalts.com/bitrix/templates/landing24/assets/vendor/icon-line-pro/electronics/webfont/fonts/electronics.svg]
[sebalts.com/bitrix/templates/landing24/assets/vendor/icon-line-pro/finance/webfont/fonts/finance.svg]
[sebalts.com/bitrix/templates/landing24/assets/vendor/icon-line-pro/food/webfont/fonts/food-48.svg]
[sebalts.com/bitrix/templates/landing24/assets/vendor/icon-line-pro/furniture/webfont/fonts/furniture.svg]
[sebalts.com/bitrix/templates/landing24/assets/vendor/icon-line-pro/hotel-restaurant/webfont/fonts/hotel-restaurant.svg]
[sebalts.com/bitrix/templates/landing24/assets/vendor/icon-line-pro/media/webfont/fonts/media.svg]
[sebalts.com/bitrix/templates/landing24/assets/vendor/icon-line-pro/medical/webfont/fonts/medical-and-health.svg]
[sebalts.com/bitrix/templates/landing24/assets/vendor/icon-line-pro/music/webfont/fonts/music.svg]
[sebalts.com/bitrix/templates/landing24/assets/vendor/icon-line-pro/real-estate/webfont/fonts/real-estate.svg]
[sebalts.com/bitrix/templates/landing24/assets/vendor/icon-line-pro/science/webfont/fonts/science.svg]
[sebalts.com/bitrix/templates/landing24/assets/vendor/icon-line-pro/sports/webfont/fonts/sports-48-x-48.svg]
[sebalts.com/bitrix/templates/landing24/assets/vendor/icon-line-pro/travel/webfont/fonts/travel.svg]
[sebalts.com/bitrix/templates/landing24/assets/vendor/icon-line-pro/weather/webfont/fonts/weather.svg]
[sebalts.com/bitrix/templates/landing24/assets/vendor/icon-line-pro/transport/webfont/fonts/transport.svg]
[sebalts.com/bitrix/templates/landing24/assets/vendor/icon-hs/fonts/hs-icons8cb0.svg]
[sebalts.com/bitrix/templates/landing24/assets/vendor/icon-etlinefont/fonts/et-line.svg]
[sebalts.com/bitrix/templates/landing24/img/bg/grid/wave.html]
[sebalts.com/bitrix/templates/landing24/img/bg/grid/tile-left.html]
[sebalts.com/bitrix/templates/landing24/img/bg/grid/tile-right.html]
[sebalts.com/bitrix/templates/landing24/img/bg/grid/diagonal-left.html]
[sebalts.com/bitrix/templates/landing24/img/bg/grid/diagonal-right.html]
[sebalts.com/bitrix/templates/landing24/img/bg/grid/zigzag-left.html]
[sebalts.com/bitrix/templates/landing24/img/bg/grid/zigzag-right.html]
[sebalts.com/bitrix/templates/landing24/img/bg/pattern--green.html]
[sebalts.com/bitrix/templates/landing24/themes/img/bg/marker/marker-bg-primary.html]
[sebalts.com/bitrix/templates/landing24/themes/img/bg/marker/marker-bg-green.html]
[sebalts.com/bitrix/templates/landing24/themes/img/bg/marker/marker-bg-black.html]
[sebalts.com/bitrix/templates/landing24/themes/img/bg/marker/marker-bg-white.html]
[sebalts.com/bitrix/templates/landing24/themes/img/bg/marker/marker-bg-red.html]
[sebalts.com/bitrix/templates/landing24/themes/img/bg/marker/marker-bg-yellow.html]
[sebalts.com/emptypage2/(instagr/index.html]
[sebalts.com/emptypage2/^https_/index.html]
[sebalts.com/emptypage2/^/index.html]
[sebalts.com/emptypage2/^http_/index.html]
[sebalts.com/emptypage2/popper.html]
[sebalts.com/emptypage2/+r+/index.html]
[sebalts.com/emptypage2/+r+/index.html]
[sebalts.com/emptypage2/Edge/index.html]
[sebalts.com/emptypage2/Edge/index.html]
